2025-08-22 10:31:13,831 - DEBUG - convert_currency is called
2025-08-22 10:31:13,925 - DEBUG - convert_currency tool is invoked
2025-08-22 10:31:13,925 - DEBUG - https://v6.exchangerate-api.com/v6/55b63bee2cbba8f4e2a0ee4c/latest//USD has been accessed
2025-08-22 10:31:13,937 - DEBUG - Starting new HTTPS connection (1): v6.exchangerate-api.com:443
2025-08-22 10:31:14,261 - DEBUG - https://v6.exchangerate-api.com:443 "GET /v6/55b63bee2cbba8f4e2a0ee4c/latest//USD HTTP/1.1" 200 None
